// Jest Snapshot v1, https://goo.gl/fbAQLP

exports[`CollabModal should render correctly 1`] = `
<div
  style={
    Object {
      "backgroundColor": "#f8f8f9",
      "height": "98vh",
      "width": "100%",
    }
  }
>
  <div
    className="MuiGrid-root MuiGrid-container MuiGrid-align-items-xs-center MuiGrid-justify-xs-center"
    style={
      Object {
        "backgroundColor": "none",
        "height": "100%",
      }
    }
  >
    <div
      className="MuiGrid-root MuiGrid-item"
    >
      <div
        className="makeStyles-root-1"
      >
        <div
          className="MuiPaper-root MuiPaper-elevation1 MuiPaper-rounded"
        >
          <div
            className="MuiGrid-root MuiGrid-container MuiGrid-direction-xs-column MuiGrid-align-items-xs-center MuiGrid-justify-xs-center"
            style={
              Object {
                "backgroundColor": "none",
                "height": "100%",
                "width": "100%",
              }
            }
          >
            <div
              className="MuiGrid-root MuiGrid-item"
              style={
                Object {
                  "backgroundColor": "none",
                  "width": "100%",
                }
              }
            >
              <div
                className="MuiGrid-root MuiGrid-container MuiGrid-justify-xs-center"
                style={
                  Object {
                    "backgroundColor": "none",
                    "paddingBottom": "3%",
                    "width": "100%",
                  }
                }
              >
                <div
                  className="MuiGrid-root MuiGrid-item"
                >
                  <h3
                    className="MuiTypography-root MuiTypography-h3"
                  >
                    Hi! Looks like you're not signed in. Would you like to sign in?
                  </h3>
                </div>
              </div>
            </div>
            <div
              className="MuiGrid-root MuiGrid-item"
              style={
                Object {
                  "backgroundColor": "none",
                  "width": "100%",
                }
              }
            >
              <div
                className="MuiGrid-root MuiGrid-container MuiGrid-justify-xs-center"
                style={
                  Object {
                    "backgroundColor": "none",
                    "width": "100%",
                  }
                }
              >
                <div
                  className="MuiGrid-root MuiGrid-item"
                >
                  <div>
                    <button
                      className="MuiButtonBase-root MuiButton-root MuiButton-contained"
                      disabled={false}
                      id="signIn"
                      onBlur={[Function]}
                      onClick={[Function]}
                      onDragLeave={[Function]}
                      onFocus={[Function]}
                      onKeyDown={[Function]}
                      onKeyUp={[Function]}
                      onMouseDown={[Function]}
                      onMouseLeave={[Function]}
                      onMouseUp={[Function]}
                      onTouchEnd={[Function]}
                      onTouchMove={[Function]}
                      onTouchStart={[Function]}
                      style={
                        Object {
                          "backgroundColor": "primary",
                          "maxWidth": undefined,
                        }
                      }
                      tabIndex={0}
                      type="button"
                    >
                      <span
                        className="MuiButton-label makeStyles-buttonLabel-2"
                      >
                        <p
                          className="MuiTypography-root makeStyles-buttonLabel-2 MuiTypography-body1"
                        >
                          Sign In
                        </p>
                      </span>
                    </button>
                  </div>
                </div>
              </div>
            </div>
          </div>
        </div>
      </div>
    </div>
  </div>
</div>
`;
