// Jest Snapshot v1, https://goo.gl/fbAQLP

exports[`ChipDropdown Renders correctly 1`] = `
<div
  className="ChipDropdown-defaultStyle-3"
>
  <div
    className="ChipDropdown-dropDownHeader-2"
    onClick={[Function]}
  >
    <p
      className="MuiTypography-root MuiTypography-body1"
    >
      Find an option
    </p>
    <svg
      aria-hidden={true}
      className="MuiSvgIcon-root"
      focusable="false"
      viewBox="0 0 24 24"
    >
      <path
        d="M7.41 8.59L12 13.17l4.59-4.58L18 10l-6 6-6-6 1.41-1.41z"
      />
    </svg>
  </div>
</div>
`;

exports[`ChipDropdown clicks correctly 1`] = `ReactWrapper {}`;
