// Jest Snapshot v1, https://goo.gl/fbAQLP

exports[`CollabModal should render correctly 1`] = `
<div>
  <div>
    <button
      className="MuiButtonBase-root MuiButton-root MuiButton-contained"
      disabled={false}
      onBlur={[Function]}
      onClick={[Function]}
      onDragLeave={[Function]}
      onFocus={[Function]}
      onKeyDown={[Function]}
      onKeyUp={[Function]}
      onMouseDown={[Function]}
      onMouseLeave={[Function]}
      onMouseUp={[Function]}
      onTouchEnd={[Function]}
      onTouchMove={[Function]}
      onTouchStart={[Function]}
      style={
        Object {
          "backgroundColor": "primary",
          "maxWidth": undefined,
        }
      }
      tabIndex={0}
      type="button"
    >
      <span
        className="MuiButton-label makeStyles-buttonLabel-1"
      >
        <p
          className="MuiTypography-root makeStyles-buttonLabel-1 MuiTypography-body1"
        >
          Enable Access
        </p>
      </span>
    </button>
  </div>
  <div
    className="makeStyles-root-2"
  />
</div>
`;
