// Jest Snapshot v1, https://goo.gl/fbAQLP

exports[`DomainGrid should render correctly 1`] = `
<div
  style={
    Object {
      "height": "100%",
      "width": "100%",
    }
  }
>
  <div
    className="ag-theme-alpine DomainGrid-gridContainer-4"
    style={
      Object {
        "height": 411,
        "width": "700px",
      }
    }
  >
    <div
      style={
        Object {
          "height": "100%",
        }
      }
    />
    <div
      className="DomainGrid-newRowContainer-1"
    >
      <div>
        <button
          className="MuiButtonBase-root MuiButton-root MuiButton-text"
          disabled={false}
          onBlur={[Function]}
          onClick={[Function]}
          onDragLeave={[Function]}
          onFocus={[Function]}
          onKeyDown={[Function]}
          onKeyUp={[Function]}
          onMouseDown={[Function]}
          onMouseLeave={[Function]}
          onMouseUp={[Function]}
          onTouchEnd={[Function]}
          onTouchMove={[Function]}
          onTouchStart={[Function]}
          style={
            Object {
              "backgroundColor": undefined,
              "maxWidth": undefined,
            }
          }
          tabIndex={0}
          type="button"
        >
          <span
            className="MuiButton-label DomainGrid-labelStyle-3 makeStyles-buttonLabel-6"
          >
            <span
              className="MuiButton-startIcon MuiButton-iconSizeMedium"
            >
              <svg
                aria-hidden={true}
                className="MuiSvgIcon-root"
                focusable="false"
                viewBox="0 0 24 24"
              >
                <path
                  d="M19 13h-6v6h-2v-6H5v-2h6V5h2v6h6v2z"
                />
              </svg>
            </span>
            <span
              className="MuiTypography-root makeStyles-buttonLabel-6 MuiTypography-caption"
            >
              New row
            </span>
          </span>
        </button>
      </div>
    </div>
  </div>
</div>
`;
