// Jest Snapshot v1, https://goo.gl/fbAQLP

exports[`<AddNewTabTemplate/> Renders correctly 1`] = `<div />`;
