// Jest Snapshot v1, https://goo.gl/fbAQLP

exports[`<AddNewRowTemplateDG/> Renders correctly 1`] = `<div />`;
