// Jest Snapshot v1, https://goo.gl/fbAQLP

exports[`<AddNewRowTemplateTG/> Renders correctly 1`] = `<div />`;
