// Jest Snapshot v1, https://goo.gl/fbAQLP

exports[`<CollabCardDialogTemplate/> Renders correctly 1`] = `
<div
  className="makeStyles-root-5"
/>
`;
