// Jest Snapshot v1, https://goo.gl/fbAQLP

exports[`<SideNavigationBar/> Renders correctly 1`] = `
<div
  className="MuiGrid-root MuiGrid-container MuiGrid-direction-xs-column"
>
  <div
    className="MuiGrid-root TabsCard-headerStyle-1 MuiGrid-container MuiGrid-item"
  >
    <div
      className="MuiGrid-root TabsCard-tab-2 TabsCard-activeTab-3 MuiGrid-container MuiGrid-item MuiGrid-align-items-xs-center MuiGrid-justify-xs-center MuiGrid-grid-xs-1"
      onClick={[Function]}
    >
      <h4
        className="MuiTypography-root MuiTypography-h4"
      >
        Trust
      </h4>
    </div>
    <div
      className="MuiGrid-root TabsCard-tab-2 MuiGrid-container MuiGrid-item MuiGrid-align-items-xs-center MuiGrid-justify-xs-center MuiGrid-grid-xs-1"
      onClick={[Function]}
    >
      <h4
        className="MuiTypography-root MuiTypography-h4"
      >
        Do not trust
      </h4>
    </div>
  </div>
  <div
    className="MuiGrid-root MuiGrid-item"
    hidden={false}
  >
    <div>
      <div
        className="MuiGrid-root RelationshipCard-containerStyle-4 MuiGrid-container MuiGrid-spacing-xs-2 MuiGrid-item"
      >
        <div
          className="MuiGrid-root RelationshipCard-legendContainer-8 MuiGrid-container MuiGrid-item"
        >
          <div
            className="MuiGrid-root MuiGrid-container MuiGrid-item"
          >
            <div
              className="MuiGrid-root MuiGrid-container MuiGrid-item MuiGrid-align-items-xs-center MuiGrid-grid-xs-7"
              style={
                Object {
                  "color": "#949494",
                  "padding": "24px 24px 12px 24px",
                }
              }
            >
              <div
                className="RelationshipCard-circle-7"
                style={
                  Object {
                    "backgroundColor": "#ff3162",
                  }
                }
              />
              <p
                className="MuiTypography-root MuiTypography-body1"
                style={
                  Object {
                    "marginRight": "20px",
                  }
                }
              >
                 Lorem ipsum dolor sit amet, consectetur adipiscing elit
              </p>
              <div
                className="RelationshipCard-circle-7"
                style={
                  Object {
                    "backgroundColor": "#ffab2b",
                  }
                }
              />
              <p
                className="MuiTypography-root MuiTypography-body1"
              >
                 Lorem ipsum dolor sit amet, consectetur adipiscing elit
              </p>
            </div>
            <div
              className="MuiGrid-root MuiGrid-container MuiGrid-item MuiGrid-align-items-xs-center MuiGrid-justify-xs-flex-end MuiGrid-grid-xs-5"
            >
              <p
                className="MuiTypography-root MuiTypography-body1"
                style={
                  Object {
                    "color": "#949494",
                  }
                }
              >
                Showing for:
              </p>
              <div
                className="RelationshipCard-dropDown-9"
              >
                <div
                  className="MuiFormControl-root Dropdown-formControl-10"
                >
                  <div
                    className="MuiInputBase-root MuiOutlinedInput-root Dropdown-dropdown-12 MuiInputBase-formControl"
                    onClick={[Function]}
                  >
                    <div
                      aria-haspopup="listbox"
                      aria-labelledby="simple-select-label simple-select"
                      className="MuiSelect-root MuiSelect-select MuiSelect-selectMenu MuiSelect-outlined MuiInputBase-input MuiOutlinedInput-input"
                      id="simple-select"
                      onBlur={[Function]}
                      onFocus={[Function]}
                      onKeyDown={[Function]}
                      onMouseDown={[Function]}
                      role="button"
                      tabIndex={0}
                    >
                      None
                    </div>
                    <input
                      aria-hidden={true}
                      className="MuiSelect-nativeInput"
                      onAnimationStart={[Function]}
                      onChange={[Function]}
                      required={false}
                      tabIndex={-1}
                      value=""
                    />
                    <svg
                      aria-hidden={true}
                      className="MuiSvgIcon-root MuiSelect-icon MuiSelect-iconOutlined"
                      focusable="false"
                      viewBox="0 0 24 24"
                    >
                      <path
                        d="M7 10l5 5 5-5z"
                      />
                    </svg>
                    <fieldset
                      aria-hidden={true}
                      className="PrivateNotchedOutline-root-13 MuiOutlinedInput-notchedOutline"
                      style={
                        Object {
                          "paddingLeft": 8,
                        }
                      }
                    >
                      <legend
                        className="PrivateNotchedOutline-legend-14"
                        style={
                          Object {
                            "width": 0.01,
                          }
                        }
                      >
                        <span
                          dangerouslySetInnerHTML={
                            Object {
                              "__html": "&#8203;",
                            }
                          }
                        />
                      </legend>
                    </fieldset>
                  </div>
                </div>
              </div>
            </div>
          </div>
        </div>
        <div
          className="MuiGrid-root MuiGrid-container MuiGrid-spacing-xs-4 MuiGrid-item MuiGrid-grid-xs-12"
          style={
            Object {
              "padding": "12px 24px 12px 24px",
              "width": "100%",
            }
          }
        >
          <div
            className="MuiGrid-root MuiGrid-container MuiGrid-item MuiGrid-grid-xs-6"
          >
            <div
              className="MuiGrid-root BarGraph-container-17 MuiGrid-container"
            >
              <div
                className="MuiGrid-root BarGraph-headerContainer-20 MuiGrid-container MuiGrid-item"
              >
                <div
                  className="MuiGrid-root BarGraph-header-18 MuiGrid-container MuiGrid-item MuiGrid-align-items-xs-flex-end MuiGrid-grid-xs-6"
                >
                  <p
                    className="MuiTypography-root BarGraph-textColor-19 MuiTypography-body1"
                  >
                    Relationship vs Group
                  </p>
                </div>
                <div
                  className="MuiGrid-root MuiGrid-container MuiGrid-item MuiGrid-justify-xs-flex-end MuiGrid-grid-xs-6"
                >
                  <div
                    className={null}
                  >
                    <div
                      className="MuiFormControl-root Dropdown-formControl-10"
                    >
                      <div
                        className="MuiInputBase-root MuiOutlinedInput-root Dropdown-dropdown-12 MuiInputBase-formControl"
                        onClick={[Function]}
                      >
                        <div
                          aria-haspopup="listbox"
                          aria-labelledby="simple-select-label simple-select"
                          className="MuiSelect-root MuiSelect-select MuiSelect-selectMenu MuiSelect-outlined MuiInputBase-input MuiOutlinedInput-input"
                          id="simple-select"
                          onBlur={[Function]}
                          onFocus={[Function]}
                          onKeyDown={[Function]}
                          onMouseDown={[Function]}
                          role="button"
                          tabIndex={0}
                        >
                          zemoso
                        </div>
                        <input
                          aria-hidden={true}
                          className="MuiSelect-nativeInput"
                          onAnimationStart={[Function]}
                          onChange={[Function]}
                          required={false}
                          tabIndex={-1}
                          value="zemoso"
                        />
                        <svg
                          aria-hidden={true}
                          className="MuiSvgIcon-root MuiSelect-icon MuiSelect-iconOutlined"
                          focusable="false"
                          viewBox="0 0 24 24"
                        >
                          <path
                            d="M7 10l5 5 5-5z"
                          />
                        </svg>
                        <fieldset
                          aria-hidden={true}
                          className="PrivateNotchedOutline-root-13 MuiOutlinedInput-notchedOutline"
                          style={
                            Object {
                              "paddingLeft": 8,
                            }
                          }
                        >
                          <legend
                            className="PrivateNotchedOutline-legend-14"
                            style={
                              Object {
                                "width": 0.01,
                              }
                            }
                          >
                            <span
                              dangerouslySetInnerHTML={
                                Object {
                                  "__html": "&#8203;",
                                }
                              }
                            />
                          </legend>
                        </fieldset>
                      </div>
                    </div>
                  </div>
                </div>
              </div>
              <div
                className="MuiGrid-root MuiGrid-item MuiGrid-grid-xs-12"
              >
                <div
                  className="recharts-responsive-container"
                  style={
                    Object {
                      "height": 250,
                      "maxHeight": undefined,
                      "minHeight": undefined,
                      "minWidth": undefined,
                      "width": "100%",
                    }
                  }
                >
                  <div
                    style={
                      Object {
                        "display": "none",
                        "height": 0,
                        "position": "absolute",
                        "visibility": "hidden",
                        "width": 0,
                      }
                    }
                  />
                </div>
              </div>
            </div>
          </div>
          <div
            className="MuiGrid-root MuiGrid-container MuiGrid-item MuiGrid-grid-xs-6"
          >
            <div
              className="MuiGrid-root AreaGraph-container-22 MuiGrid-container"
            >
              <div
                className="MuiGrid-root AreaGraph-headerContainer-25 MuiGrid-container MuiGrid-item"
              >
                <div
                  className="MuiGrid-root AreaGraph-header-23 MuiGrid-container MuiGrid-item MuiGrid-align-items-xs-flex-end MuiGrid-grid-xs-6"
                >
                  <p
                    className="MuiTypography-root AreaGraph-textColor-24 MuiTypography-body1"
                  >
                    Trustscore Trend wrt Relationship Type
                  </p>
                </div>
                <div
                  className="MuiGrid-root MuiGrid-container MuiGrid-item MuiGrid-justify-xs-flex-end MuiGrid-grid-xs-6"
                >
                  <div
                    className={null}
                  >
                    <div
                      className="MuiFormControl-root Dropdown-formControl-10"
                    >
                      <div
                        className="MuiInputBase-root MuiOutlinedInput-root Dropdown-dropdown-12 MuiInputBase-formControl"
                        onClick={[Function]}
                      >
                        <div
                          aria-haspopup="listbox"
                          aria-labelledby="simple-select-label simple-select"
                          className="MuiSelect-root MuiSelect-select MuiSelect-selectMenu MuiSelect-outlined MuiInputBase-input MuiOutlinedInput-input"
                          id="simple-select"
                          onBlur={[Function]}
                          onFocus={[Function]}
                          onKeyDown={[Function]}
                          onMouseDown={[Function]}
                          role="button"
                          tabIndex={0}
                        >
                          zemoso
                        </div>
                        <input
                          aria-hidden={true}
                          className="MuiSelect-nativeInput"
                          onAnimationStart={[Function]}
                          onChange={[Function]}
                          required={false}
                          tabIndex={-1}
                          value="zemoso"
                        />
                        <svg
                          aria-hidden={true}
                          className="MuiSvgIcon-root MuiSelect-icon MuiSelect-iconOutlined"
                          focusable="false"
                          viewBox="0 0 24 24"
                        >
                          <path
                            d="M7 10l5 5 5-5z"
                          />
                        </svg>
                        <fieldset
                          aria-hidden={true}
                          className="PrivateNotchedOutline-root-13 MuiOutlinedInput-notchedOutline"
                          style={
                            Object {
                              "paddingLeft": 8,
                            }
                          }
                        >
                          <legend
                            className="PrivateNotchedOutline-legend-14"
                            style={
                              Object {
                                "width": 0.01,
                              }
                            }
                          >
                            <span
                              dangerouslySetInnerHTML={
                                Object {
                                  "__html": "&#8203;",
                                }
                              }
                            />
                          </legend>
                        </fieldset>
                      </div>
                    </div>
                  </div>
                </div>
              </div>
              <div
                className="MuiGrid-root MuiGrid-item MuiGrid-grid-xs-12"
              >
                <div
                  className="recharts-responsive-container"
                  style={
                    Object {
                      "height": 250,
                      "maxHeight": undefined,
                      "minHeight": undefined,
                      "minWidth": undefined,
                      "width": "100%",
                    }
                  }
                >
                  <div
                    style={
                      Object {
                        "display": "none",
                        "height": 0,
                        "position": "absolute",
                        "visibility": "hidden",
                        "width": 0,
                      }
                    }
                  />
                </div>
              </div>
            </div>
          </div>
        </div>
      </div>
    </div>
  </div>
  <div
    className="MuiGrid-root MuiGrid-item"
    hidden={true}
  >
    <div>
      <div
        className="MuiGrid-root RelationshipCard-containerStyle-4 MuiGrid-container MuiGrid-spacing-xs-2 MuiGrid-item"
      >
        <div
          className="MuiGrid-root RelationshipCard-legendContainer-8 MuiGrid-container MuiGrid-item"
        >
          <div
            className="MuiGrid-root MuiGrid-container MuiGrid-item"
          >
            <div
              className="MuiGrid-root MuiGrid-container MuiGrid-item MuiGrid-align-items-xs-center MuiGrid-grid-xs-7"
              style={
                Object {
                  "color": "#949494",
                  "padding": "24px 24px 12px 24px",
                }
              }
            >
              <div
                className="RelationshipCard-circle-7"
                style={
                  Object {
                    "backgroundColor": "#ff3162",
                  }
                }
              />
              <p
                className="MuiTypography-root MuiTypography-body1"
                style={
                  Object {
                    "marginRight": "20px",
                  }
                }
              >
                 Lorem ipsum dolor sit amet, consectetur adipiscing elit
              </p>
              <div
                className="RelationshipCard-circle-7"
                style={
                  Object {
                    "backgroundColor": "#ffab2b",
                  }
                }
              />
              <p
                className="MuiTypography-root MuiTypography-body1"
              >
                 Lorem ipsum dolor sit amet, consectetur adipiscing elit
              </p>
            </div>
            <div
              className="MuiGrid-root MuiGrid-container MuiGrid-item MuiGrid-align-items-xs-center MuiGrid-justify-xs-flex-end MuiGrid-grid-xs-5"
            >
              <p
                className="MuiTypography-root MuiTypography-body1"
                style={
                  Object {
                    "color": "#949494",
                  }
                }
              >
                Showing for:
              </p>
              <div
                className="RelationshipCard-dropDown-9"
              >
                <div
                  className="MuiFormControl-root Dropdown-formControl-10"
                >
                  <div
                    className="MuiInputBase-root MuiOutlinedInput-root Dropdown-dropdown-12 MuiInputBase-formControl"
                    onClick={[Function]}
                  >
                    <div
                      aria-haspopup="listbox"
                      aria-labelledby="simple-select-label simple-select"
                      className="MuiSelect-root MuiSelect-select MuiSelect-selectMenu MuiSelect-outlined MuiInputBase-input MuiOutlinedInput-input"
                      id="simple-select"
                      onBlur={[Function]}
                      onFocus={[Function]}
                      onKeyDown={[Function]}
                      onMouseDown={[Function]}
                      role="button"
                      tabIndex={0}
                    >
                      None
                    </div>
                    <input
                      aria-hidden={true}
                      className="MuiSelect-nativeInput"
                      onAnimationStart={[Function]}
                      onChange={[Function]}
                      required={false}
                      tabIndex={-1}
                      value=""
                    />
                    <svg
                      aria-hidden={true}
                      className="MuiSvgIcon-root MuiSelect-icon MuiSelect-iconOutlined"
                      focusable="false"
                      viewBox="0 0 24 24"
                    >
                      <path
                        d="M7 10l5 5 5-5z"
                      />
                    </svg>
                    <fieldset
                      aria-hidden={true}
                      className="PrivateNotchedOutline-root-13 MuiOutlinedInput-notchedOutline"
                      style={
                        Object {
                          "paddingLeft": 8,
                        }
                      }
                    >
                      <legend
                        className="PrivateNotchedOutline-legend-14"
                        style={
                          Object {
                            "width": 0.01,
                          }
                        }
                      >
                        <span
                          dangerouslySetInnerHTML={
                            Object {
                              "__html": "&#8203;",
                            }
                          }
                        />
                      </legend>
                    </fieldset>
                  </div>
                </div>
              </div>
            </div>
          </div>
        </div>
        <div
          className="MuiGrid-root MuiGrid-container MuiGrid-spacing-xs-4 MuiGrid-item MuiGrid-grid-xs-12"
          style={
            Object {
              "padding": "12px 24px 12px 24px",
              "width": "100%",
            }
          }
        >
          <div
            className="MuiGrid-root MuiGrid-container MuiGrid-item MuiGrid-grid-xs-6"
          >
            <div
              className="MuiGrid-root BarGraph-container-17 MuiGrid-container"
            >
              <div
                className="MuiGrid-root BarGraph-headerContainer-20 MuiGrid-container MuiGrid-item"
              >
                <div
                  className="MuiGrid-root BarGraph-header-18 MuiGrid-container MuiGrid-item MuiGrid-align-items-xs-flex-end MuiGrid-grid-xs-6"
                >
                  <p
                    className="MuiTypography-root BarGraph-textColor-19 MuiTypography-body1"
                  >
                    Relationship vs Group
                  </p>
                </div>
                <div
                  className="MuiGrid-root MuiGrid-container MuiGrid-item MuiGrid-justify-xs-flex-end MuiGrid-grid-xs-6"
                >
                  <div
                    className={null}
                  >
                    <div
                      className="MuiFormControl-root Dropdown-formControl-10"
                    >
                      <div
                        className="MuiInputBase-root MuiOutlinedInput-root Dropdown-dropdown-12 MuiInputBase-formControl"
                        onClick={[Function]}
                      >
                        <div
                          aria-haspopup="listbox"
                          aria-labelledby="simple-select-label simple-select"
                          className="MuiSelect-root MuiSelect-select MuiSelect-selectMenu MuiSelect-outlined MuiInputBase-input MuiOutlinedInput-input"
                          id="simple-select"
                          onBlur={[Function]}
                          onFocus={[Function]}
                          onKeyDown={[Function]}
                          onMouseDown={[Function]}
                          role="button"
                          tabIndex={0}
                        >
                          zemoso
                        </div>
                        <input
                          aria-hidden={true}
                          className="MuiSelect-nativeInput"
                          onAnimationStart={[Function]}
                          onChange={[Function]}
                          required={false}
                          tabIndex={-1}
                          value="zemoso"
                        />
                        <svg
                          aria-hidden={true}
                          className="MuiSvgIcon-root MuiSelect-icon MuiSelect-iconOutlined"
                          focusable="false"
                          viewBox="0 0 24 24"
                        >
                          <path
                            d="M7 10l5 5 5-5z"
                          />
                        </svg>
                        <fieldset
                          aria-hidden={true}
                          className="PrivateNotchedOutline-root-13 MuiOutlinedInput-notchedOutline"
                          style={
                            Object {
                              "paddingLeft": 8,
                            }
                          }
                        >
                          <legend
                            className="PrivateNotchedOutline-legend-14"
                            style={
                              Object {
                                "width": 0.01,
                              }
                            }
                          >
                            <span
                              dangerouslySetInnerHTML={
                                Object {
                                  "__html": "&#8203;",
                                }
                              }
                            />
                          </legend>
                        </fieldset>
                      </div>
                    </div>
                  </div>
                </div>
              </div>
              <div
                className="MuiGrid-root MuiGrid-item MuiGrid-grid-xs-12"
              >
                <div
                  className="recharts-responsive-container"
                  style={
                    Object {
                      "height": 250,
                      "maxHeight": undefined,
                      "minHeight": undefined,
                      "minWidth": undefined,
                      "width": "100%",
                    }
                  }
                >
                  <div
                    style={
                      Object {
                        "display": "none",
                        "height": 0,
                        "position": "absolute",
                        "visibility": "hidden",
                        "width": 0,
                      }
                    }
                  />
                </div>
              </div>
            </div>
          </div>
          <div
            className="MuiGrid-root MuiGrid-container MuiGrid-item MuiGrid-grid-xs-6"
          >
            <div
              className="MuiGrid-root AreaGraph-container-22 MuiGrid-container"
            >
              <div
                className="MuiGrid-root AreaGraph-headerContainer-25 MuiGrid-container MuiGrid-item"
              >
                <div
                  className="MuiGrid-root AreaGraph-header-23 MuiGrid-container MuiGrid-item MuiGrid-align-items-xs-flex-end MuiGrid-grid-xs-6"
                >
                  <p
                    className="MuiTypography-root AreaGraph-textColor-24 MuiTypography-body1"
                  >
                    Trustscore Trend wrt Relationship Type
                  </p>
                </div>
                <div
                  className="MuiGrid-root MuiGrid-container MuiGrid-item MuiGrid-justify-xs-flex-end MuiGrid-grid-xs-6"
                >
                  <div
                    className={null}
                  >
                    <div
                      className="MuiFormControl-root Dropdown-formControl-10"
                    >
                      <div
                        className="MuiInputBase-root MuiOutlinedInput-root Dropdown-dropdown-12 MuiInputBase-formControl"
                        onClick={[Function]}
                      >
                        <div
                          aria-haspopup="listbox"
                          aria-labelledby="simple-select-label simple-select"
                          className="MuiSelect-root MuiSelect-select MuiSelect-selectMenu MuiSelect-outlined MuiInputBase-input MuiOutlinedInput-input"
                          id="simple-select"
                          onBlur={[Function]}
                          onFocus={[Function]}
                          onKeyDown={[Function]}
                          onMouseDown={[Function]}
                          role="button"
                          tabIndex={0}
                        >
                          zemoso
                        </div>
                        <input
                          aria-hidden={true}
                          className="MuiSelect-nativeInput"
                          onAnimationStart={[Function]}
                          onChange={[Function]}
                          required={false}
                          tabIndex={-1}
                          value="zemoso"
                        />
                        <svg
                          aria-hidden={true}
                          className="MuiSvgIcon-root MuiSelect-icon MuiSelect-iconOutlined"
                          focusable="false"
                          viewBox="0 0 24 24"
                        >
                          <path
                            d="M7 10l5 5 5-5z"
                          />
                        </svg>
                        <fieldset
                          aria-hidden={true}
                          className="PrivateNotchedOutline-root-13 MuiOutlinedInput-notchedOutline"
                          style={
                            Object {
                              "paddingLeft": 8,
                            }
                          }
                        >
                          <legend
                            className="PrivateNotchedOutline-legend-14"
                            style={
                              Object {
                                "width": 0.01,
                              }
                            }
                          >
                            <span
                              dangerouslySetInnerHTML={
                                Object {
                                  "__html": "&#8203;",
                                }
                              }
                            />
                          </legend>
                        </fieldset>
                      </div>
                    </div>
                  </div>
                </div>
              </div>
              <div
                className="MuiGrid-root MuiGrid-item MuiGrid-grid-xs-12"
              >
                <div
                  className="recharts-responsive-container"
                  style={
                    Object {
                      "height": 250,
                      "maxHeight": undefined,
                      "minHeight": undefined,
                      "minWidth": undefined,
                      "width": "100%",
                    }
                  }
                >
                  <div
                    style={
                      Object {
                        "display": "none",
                        "height": 0,
                        "position": "absolute",
                        "visibility": "hidden",
                        "width": 0,
                      }
                    }
                  />
                </div>
              </div>
            </div>
          </div>
        </div>
      </div>
    </div>
  </div>
</div>
`;
