// Jest Snapshot v1, https://goo.gl/fbAQLP

exports[`<Tabs/> Renders correctly 1`] = `
<div
  className="MuiGrid-root Tabs-tabs-1 MuiGrid-container MuiGrid-direction-xs-column"
>
  <div
    className="MuiGrid-root Tabs-tabHeaderContainer-8 MuiGrid-item"
  >
    <div>
      <button
        className="MuiButtonBase-root MuiButton-root MuiButton-text Tabs-button-5"
        disabled={false}
        onBlur={[Function]}
        onClick={[Function]}
        onDragLeave={[Function]}
        onFocus={[Function]}
        onKeyDown={[Function]}
        onKeyUp={[Function]}
        onMouseDown={[Function]}
        onMouseLeave={[Function]}
        onMouseUp={[Function]}
        onTouchEnd={[Function]}
        onTouchMove={[Function]}
        onTouchStart={[Function]}
        style={
          Object {
            "backgroundColor": undefined,
            "maxWidth": undefined,
          }
        }
        tabIndex={0}
        type="button"
      >
        <span
          className="MuiButton-label Tabs-labelStyle-7 makeStyles-buttonLabel-10"
        >
          <span
            className="MuiButton-startIcon MuiButton-iconSizeMedium"
          >
            <svg
              aria-hidden={true}
              className="MuiSvgIcon-root"
              focusable="false"
              viewBox="0 0 24 24"
            >
              <path
                d="M19 13h-6v6h-2v-6H5v-2h6V5h2v6h6v2z"
              />
            </svg>
          </span>
          <span
            className="MuiTypography-root makeStyles-buttonLabel-10"
          >
            New tab
          </span>
        </span>
      </button>
    </div>
    <div />
  </div>
  <div
    className="MuiGrid-root Tabs-contentContainer-6 MuiGrid-container MuiGrid-direction-xs-column"
  >
    <div
      className="MuiGrid-root MuiGrid-item"
    >
      <div
        className="makeStyles-main-13"
      >
        <div
          className="makeStyles-dropDownContainer-11"
          onClick={[Function]}
        >
          <div />
          <div />
        </div>
        <div
          className="makeStyles-items-23"
        >
          <div
            className="makeStyles-iconFilter-21"
          >
            <img
              alt="icon"
              src="filter.png"
            />
            <p
              className="MuiTypography-root makeStyles-textFilter-24 MuiTypography-body1"
            >
              Filter
            </p>
          </div>
          <div
            className="makeStyles-iconFilter-21"
          >
            <img
              alt="icon"
              src="list.png"
            />
            <p
              className="MuiTypography-root makeStyles-textFilter-24 MuiTypography-body1"
            >
              List
            </p>
          </div>
          <div
            className="makeStyles-iconFilter-21"
          >
            <img
              alt="icon"
              src="sort.png"
            />
            <p
              className="MuiTypography-root makeStyles-textFilter-24 MuiTypography-body1"
            >
              Sort
            </p>
          </div>
        </div>
        <div
          className="makeStyles-searchIcon-26"
        >
          <img
            alt="search"
            src="search.png"
          />
        </div>
      </div>
    </div>
    <div
      className="MuiGrid-root Tabs-footer-9 MuiGrid-container MuiGrid-item MuiGrid-align-content-xs-center"
    >
      <p
        className="MuiTypography-root MuiTypography-body2"
      >
        undefined records
      </p>
    </div>
  </div>
</div>
`;
