// Jest Snapshot v1, https://goo.gl/fbAQLP

exports[`Banner Renders correctly 1`] = `
<div
  className="makeStyles-root-1"
>
  <div
    align="center"
  >
    <div
      style={
        Object {
          "backgroundColor": undefined,
          "height": 400,
          "position": "relative",
          "width": 500,
        }
      }
    >
      <img
        onError={[Function]}
        onLoad={[Function]}
        src="banner.svg"
        style={
          Object {
            "display": "block",
            "height": 0,
            "left": 250,
            "position": "absolute",
            "top": 200,
            "width": 0,
          }
        }
      />
    </div>
  </div>
  <h5
    className="MuiTypography-root makeStyles-topmargin-2 MuiTypography-h5 MuiTypography-alignCenter"
  >
    Your active permissions will appear here.
    <div>
      <div>
        <button
          className="MuiButtonBase-root MuiButton-root MuiButton-contained makeStyles-buttonmargin-3"
          disabled={false}
          onBlur={[Function]}
          onClick={[Function]}
          onDragLeave={[Function]}
          onFocus={[Function]}
          onKeyDown={[Function]}
          onKeyUp={[Function]}
          onMouseDown={[Function]}
          onMouseLeave={[Function]}
          onMouseUp={[Function]}
          onTouchEnd={[Function]}
          onTouchMove={[Function]}
          onTouchStart={[Function]}
          style={
            Object {
              "backgroundColor": "#1d4cd7",
              "maxWidth": undefined,
            }
          }
          tabIndex={0}
          type="button"
        >
          <span
            className="MuiButton-label makeStyles-buttonLabel-4"
          >
            <p
              className="MuiTypography-root makeStyles-buttonLabel-4 MuiTypography-body1"
            >
              Enable Access
            </p>
          </span>
        </button>
      </div>
      <div
        className="makeStyles-root-5"
      />
    </div>
  </h5>
</div>
`;
