// Jest Snapshot v1, https://goo.gl/fbAQLP

exports[`<DataGrid/> Renders correctly 1`] = `ReactWrapper {}`;
