// Jest Snapshot v1, https://goo.gl/fbAQLP

exports[`GraphCard Renders correctly 1`] = `
<div
  className="MuiPaper-root makeStyles-root-1 MuiPaper-outlined MuiPaper-rounded"
>
  <div
    className="MuiGrid-root MuiGrid-container MuiGrid-align-items-xs-center MuiGrid-justify-xs-space-evenly"
  >
    <div
      className="MuiGrid-root MuiGrid-item"
    >
      <div
        className="MuiGrid-root MuiGrid-container MuiGrid-direction-xs-column"
      >
        <div
          className="MuiGrid-root MuiGrid-item"
        >
          <h5
            className="MuiTypography-root makeStyles-graphType-2 MuiTypography-h5"
          >
            Trusted
          </h5>
        </div>
        <div
          className="MuiGrid-root MuiGrid-container"
        >
          <div
            className="MuiGrid-root MuiGrid-item"
          >
            <h1
              className="MuiTypography-root makeStyles-totalCount-3 MuiTypography-h1"
            >
              30
            </h1>
            <div
              className="MuiGrid-root makeStyles-additionalCount-4 MuiGrid-item"
            >
              <span
                className="MuiTypography-root MuiTypography-caption"
              >
                +
                1
              </span>
            </div>
          </div>
        </div>
      </div>
    </div>
    <div
      className="MuiGrid-root makeStyles-image-5 MuiGrid-item MuiGrid-grid-xs-12"
    >
      <div
        className="recharts-responsive-container"
        style={
          Object {
            "height": 36.2,
            "maxHeight": undefined,
            "minHeight": undefined,
            "minWidth": undefined,
            "width": 105.6,
          }
        }
      >
        <div
          className="recharts-wrapper"
          style={
            Object {
              "cursor": "default",
              "height": 36.2,
              "position": "relative",
              "width": 105.6,
            }
          }
        >
          <svg
            className="recharts-surface"
            height={36.2}
            version="1.1"
            viewBox="0 0 105.6 36.2"
            width={105.6}
          >
            <defs>
              <clipPath
                id="recharts2-clip"
              >
                <rect
                  height={26.200000000000003}
                  width={95.6}
                  x={5}
                  y={5}
                />
              </clipPath>
            </defs>
            <g
              className="recharts-layer recharts-area"
            >
              <g
                className="recharts-layer"
              >
                <defs>
                  <clipPath
                    id="animationClipPath-recharts-area-3"
                  >
                    <rect
                      height={33}
                      width={0}
                      x={5}
                      y={0}
                    />
                  </clipPath>
                </defs>
                <g
                  className="recharts-layer"
                  clipPath="url(#animationClipPath-recharts-area-3)"
                >
                  <g
                    className="recharts-layer"
                    clipPath={null}
                  >
                    <path
                      className="recharts-curve recharts-area-area"
                      d="M5,11.55L20.93333333333333,21.375L36.86666666666666,23.34L52.8,5L68.73333333333332,18.1L84.66666666666666,27.925000000000004L100.6,11.55L100.6,31.200000000000003L84.66666666666666,31.200000000000003L68.73333333333332,31.200000000000003L52.8,31.200000000000003L36.86666666666666,31.200000000000003L20.93333333333333,31.200000000000003L5,31.200000000000003Z"
                      fill="#6dd230"
                      fillOpacity={0.1}
                      height={26.200000000000003}
                      stroke="none"
                      strokeWidth={2}
                      width={95.6}
                    />
                    <path
                      className="recharts-curve recharts-area-curve"
                      d="M5,11.55L20.93333333333333,21.375L36.86666666666666,23.34L52.8,5L68.73333333333332,18.1L84.66666666666666,27.925000000000004L100.6,11.55"
                      fill="none"
                      fillOpacity={0.1}
                      height={26.200000000000003}
                      stroke="#6dd230"
                      strokeWidth={2}
                      width={95.6}
                    />
                  </g>
                </g>
              </g>
            </g>
          </svg>
        </div>
        <div
          style={
            Object {
              "display": "none",
              "height": 0,
              "position": "absolute",
              "visibility": "hidden",
              "width": 0,
            }
          }
        />
      </div>
    </div>
  </div>
</div>
`;
