// Jest Snapshot v1, https://goo.gl/fbAQLP

exports[`Button should render correctly 1`] = `
<div>
  <button
    className="MuiButtonBase-root MuiButton-root MuiButton-contained"
    disabled={false}
    onBlur={[Function]}
    onDragLeave={[Function]}
    onFocus={[Function]}
    onKeyDown={[Function]}
    onKeyUp={[Function]}
    onMouseDown={[Function]}
    onMouseLeave={[Function]}
    onMouseUp={[Function]}
    onTouchEnd={[Function]}
    onTouchMove={[Function]}
    onTouchStart={[Function]}
    style={
      Object {
        "backgroundColor": undefined,
        "maxWidth": undefined,
      }
    }
    tabIndex={0}
    type="button"
  >
    <span
      className="MuiButton-label makeStyles-buttonLabel-1"
    >
      <p
        className="MuiTypography-root makeStyles-buttonLabel-1 MuiTypography-body1"
      >
        Add
      </p>
    </span>
  </button>
</div>
`;
