// Jest Snapshot v1, https://goo.gl/fbAQLP

exports[`<Processing/> Renders correctly 1`] = `<div />`;
